// Jest Snapshot v1, https://goo.gl/fbAQLP

exports[`Audioplayer snap test 1`] = `
<div
  className="track"
>
  <button
    className="track__button track__button--play"
    disabled={true}
    onClick={[Function]}
    type="button"
  />
  <div
    className="track__status"
  >
    <audio />
  </div>
</div>
`;
